Ok(State { pos: Position(1980, 991459), aim: 866 })
